../Core/Src/main.c:108:5:main	8	static
../Core/Src/main.c:202:6:SystemClock_Config	88	static
../Core/Src/main.c:248:13:MX_I2C1_Init	8	static
../Core/Src/main.c:282:13:MX_TIM3_Init	64	static
../Core/Src/main.c:341:13:MX_USART2_UART_Init	8	static
../Core/Src/main.c:374:13:MX_GPIO_Init	24	static
../Core/Src/main.c:401:6:SensorActuatorTask	16	static
../Core/Src/main.c:415:6:SystemTask	16	static
../Core/Src/main.c:429:6:CommsTask	16	static
../Core/Src/main.c:448:6:HAL_TIM_PeriodElapsedCallback	16	static
../Core/Src/main.c:466:6:Error_Handler	4	static,ignoring_inline_asm
