../Core/Src/tasks/system_task.c:18:20:ackStatusStr	16	static
../Core/Src/tasks/system_task.c:31:9:u8g2_hw_i2c_byte	40	static
../Core/Src/tasks/system_task.c:57:9:u8g2_gpio_and_delay	24	static
../Core/Src/tasks/system_task.c:72:13:drawHeapBar	48	static
../Core/Src/tasks/system_task.c:81:13:drawStackBar	48	static
../Core/Src/tasks/system_task.c:91:13:initScreens	8	static
../Core/Src/tasks/system_task.c:106:13:drawSystemScreen	72	static
../Core/Src/tasks/system_task.c:158:13:drawStacksScreen	128	static
../Core/Src/tasks/system_task.c:206:6:SystemTaskImpl	16	static
